
> 1platform-website@3.5.17 check:baseline
> ./scripts/check-no-regression.sh

1/3 building the current tree

> 1platform-website@3.5.17 build
> astro build

19:14:47 [@astrojs/node] Enabling sessions with filesystem storage
19:14:47 [content] Syncing content
19:14:47 [content] Synced content
19:14:47 [types] Generated 275ms
19:14:47 [build] output: "server"
19:14:47 [build] mode: "server"
19:14:47 [build] directory: /Users/staimer/Documents/1platform-worktrees/website-medipago-approved-landing/dist/
19:14:47 [build] adapter: @astrojs/node
19:14:47 [build] Collecting build info...
19:14:47 [build] ✓ Completed in 306ms.
19:14:47 [build] Building server entrypoints...
19:14:47 [vite] ✓ built in 184ms
19:14:48 [vite] ✓ built in 314ms
19:14:48 [vite] ✓ built in 141ms
19:14:48 [build] Rearranging server assets...
19:14:48 [build] ✓ Completed in 692ms.
19:14:48 [build] Server built in 1.02s
19:14:48 [build] Complete!
2/3 serving the build in repo mode
19:14:48 [@astrojs/node] Server listening on http://127.0.0.1:4458
3/3 comparing against the baseline
compare-served: 100 baseline routes against http://127.0.0.1:4458
  identical : 100
  differing : 0
  wrong     : 0   (status, destination, or unreachable)
  normalisers applied: trailing-newline, json-ld-whitespace, scoped-style-order
check-no-regression: OK — 1platform.pro is unchanged.
