
> 1platform-website@3.5.17 test
> playwright test --workers=4

[WebServer] (node:76894) Warning: The 'NO_COLOR' env is ignored due to the 'FORCE_COLOR' env being set.
[WebServer] (Use `node --trace-warnings ...` to show where the warning was created)
[WebServer] (node:76909) Warning: The 'NO_COLOR' env is ignored due to the 'FORCE_COLOR' env being set.
[WebServer] (Use `node --trace-warnings ...` to show where the warning was created)

Running 305 tests using 4 workers

(node:76957) Warning: The 'NO_COLOR' env is ignored due to the 'FORCE_COLOR' env being set.
(Use `node --trace-warnings ...` to show where the warning was created)
(node:76956) Warning: The 'NO_COLOR' env is ignored due to the 'FORCE_COLOR' env being set.
(Use `node --trace-warnings ...` to show where the warning was created)
(node:76954) Warning: The 'NO_COLOR' env is ignored due to the 'FORCE_COLOR' env being set.
(Use `node --trace-warnings ...` to show where the warning was created)
(node:76955) Warning: The 'NO_COLOR' env is ignored due to the 'FORCE_COLOR' env being set.
(Use `node --trace-warnings ...` to show where the warning was created)
  ✓    1 [chromium] › tests/announcement-bar.spec.ts:27:1 › the picker chooses the newest entry and returns null for an empty changelog (11ms)
  ✓    2 [chromium] › tests/announcement-bar.spec.ts:41:3 › /pricing/: a 40 px fixed bar shows the newest en changelog title and links to the changelog (601ms)
  ✓    3 [chromium] › tests/a11y-home.spec.ts:20:3 › /: zero violations with the page at rest (728ms)
  ✓    5 [chromium] › tests/a11y-home.spec.ts:20:3 › /es/: zero violations with the page at rest (728ms)
  ✓    8 [chromium] › tests/announcement-bar.spec.ts:112:1 › the changelog strip appears only for a tenant that publishes the changelog (50ms)
  ✓    9 [chromium] › tests/brand-routes.spec.ts:8:1 › brand routes are available for resolved tenants and remain unavailable to unknown hosts (9ms)
  ✓   10 [chromium] › tests/brand-routes.spec.ts:22:1 › a derived social card is an actual same-origin route (4ms)
  ✓   11 [chromium] › tests/brand-routes.spec.ts:29:1 › the derived touch icon is a same-origin route, per tenant, and closed to unknown hosts (8ms)
  ✓    4 [chromium] › tests/a11y-home.spec.ts:33:1 › / with the compact menu and a FAQ row open: still zero violations (848ms)
  ✓   12 [chromium] › tests/brand-routes.spec.ts:51:1 › the served head gives each tenant its own touch icon and never leaks the platform PNG (10ms)
  ✓    7 [chromium] › tests/announcement-bar.spec.ts:72:1 › the offset the bar adds reaches every anchor: a hash navigation leaves the target fully visible (131ms)
  ✓   15 [chromium] › tests/chrome-navigation.spec.ts:44:1 › reduced motion keeps the product home static and WebGL-free (161ms)
  ✓   13 [chromium] › tests/chrome-navigation.spec.ts:3:1 › the desktop rail exposes the primary navigation and solution destinations (184ms)
  ✓   14 [chromium] › tests/chrome-navigation.spec.ts:26:1 › the compact menu is fully keyboard-operable on mobile (194ms)
  ✓    6 [chromium] › tests/announcement-bar.spec.ts:41:3 › /es/precios/: a 40 px fixed bar shows the newest es changelog title and links to the changelog (560ms)
  ✓   18 [chromium] › tests/chrome-navigation.spec.ts:110:1 › the commerce orbit hands emphasis through the four stages without hiding any (149ms)
  ✓   20 [chromium] › tests/contrast.spec.ts:33:1 › the editorial token pairs meet the AA contrast floor (1ms)
  ✓   16 [chromium] › tests/chrome-navigation.spec.ts:63:1 › the opening scene names the complete commerce flow without radio controls (197ms)
  ✓   21 [chromium] › tests/deploy-fetch-refspec.spec.ts:38:1 › deploy step never fetches with a bare --all --tags (git 1.8 drops the heads refspec) (5ms)
  ✓   22 [chromium] › tests/empty-copy-is-no-copy.spec.ts:58:1 › a 200 with an EMPTY dictionary is unavailable, not resolved (3ms)
  ✓   23 [chromium] › tests/empty-copy-is-no-copy.spec.ts:72:1 › an empty dictionary is not CACHED as if it were copy (5ms)
  ✓   17 [chromium] › tests/chrome-navigation.spec.ts:86:1 › the connected-sale cards keep one size and remain readable on mobile (220ms)
  ✓   24 [chromium] › tests/empty-copy-is-no-copy.spec.ts:87:1 › ONE key still resolves — the rule is empty, not small (1ms)
  ✓   25 [chromium] › tests/empty-copy-is-no-copy.spec.ts:102:1 › the API being unreachable stays a DIFFERENT answer from having no copy (1ms)
  ✓   27 [chromium] › tests/empty-copy-is-no-copy.spec.ts:119:1 › a 404 is unavailable too, and says so in its own words (2ms)
  ✓   28 [chromium] › tests/footer-system.spec.ts:30:3 › the English footer preserves every public destination (22ms)
  ✓   29 [chromium] › tests/footer-system.spec.ts:30:3 › the /es footer preserves every public destination (32ms)
  ✓   19 [chromium] › tests/chrome-navigation.spec.ts:133:1 › the home retains reciprocal SEO alternatives and focused CTAs (153ms)
  ✓   32 [chromium] › tests/home-names-every-solution.spec.ts:78:3 › the en home page names every solution the menu offers (39ms)
  ✓   33 [chromium] › tests/home-names-every-solution.spec.ts:78:3 › the es home page names every solution the menu offers (7ms)
  ✓   31 [chromium] › tests/footer-system.spec.ts:73:1 › the footer collects nothing from the visitor (170ms)
  ✓   26 [chromium] › tests/faq.spec.ts:3:1 › the home FAQ uses semantic details and remains available without JavaScript (319ms)
  ✓   30 [chromium] › tests/footer-system.spec.ts:50:1 › the footer CTA and columns are usable at desktop and mobile widths (297ms)
  ✓   34 [chromium] › tests/i18n-build.spec.ts:47:1 › no page renders an unresolved key or placeholder (283ms)
  ✓   38 [chromium] › tests/i18n-build.spec.ts:196:1 › Spanish pages carry Spanish Open Graph locales (124ms)
  ✓   35 [chromium] › tests/i18n-build.spec.ts:92:1 › every English page has a Spanish counterpart (314ms)
  ✓   39 [chromium] › tests/i18n-build.spec.ts:206:1 › Spanish pages canonicalise to themselves (36ms)
  ✓   40 [chromium] › tests/i18n-build.spec.ts:211:1 › the sitemap exists and carries alternates (62ms)
  ✓   37 [chromium] › tests/i18n-build.spec.ts:163:1 › no hreflang points at a page that is not published (322ms)
  ✓   36 [chromium] › tests/i18n-build.spec.ts:123:1 › every page declares its language and every hreflang is reciprocal (361ms)
  ✓   41 [chromium] › tests/i18n-build.spec.ts:233:1 › neither RSS feed carries the other language (101ms)
  ✓   44 [chromium] › tests/i18n-build.spec.ts:332:1 › dates render in the language of the page (70ms)
  ✓   46 [chromium] › tests/i18n-catalogue.spec.ts:176:1 › every key a t() call asks for exists in the catalogue (21ms)
  ✓   47 [chromium] › tests/i18n-catalogue.spec.ts:188:1 › runtime tenant overrides cannot mask a missing shared static key (18ms)
  ✓   45 [chromium] › tests/i18n-build.spec.ts:342:1 › the English tree kept every address it had before the epic (127ms)
  ✓   43 [chromium] › tests/i18n-build.spec.ts:299:1 › none of the shell English survives in the Spanish tree (166ms)
  ✓   42 [chromium] › tests/i18n-build.spec.ts:274:1 › no provider name appears under /es/ outside the privacy policy (211ms)
  ✓   48 [chromium] › tests/i18n-catalogue.spec.ts:206:1 › every static or API-mode key is referenced by something (15ms)
  ✓   49 [chromium] › tests/i18n-catalogue.spec.ts:216:1 › control: deleting a required API-mode key is detected (20ms)
  ✓   51 [chromium] › tests/i18n-parity.spec.ts:228:1 › a balanced hijack is inert — the controls below are red for the right reason (252ms)
  ✓   52 [chromium] › tests/i18n-parity.spec.ts:249:1 › assertParity() catches a key that exists only in English (243ms)
  ✓   50 [chromium] › tests/i18n-parity.spec.ts:191:1 › the repo catalogues are in parity, and the comparison is not empty (255ms)
  ✓   53 [chromium] › tests/i18n-parity.spec.ts:264:1 › assertParity() catches a key that exists only in Spanish (245ms)
  ✓   55 [chromium] › tests/i18n-parity.spec.ts:299:1 › the catalogue refuses a duplicate key defined on the SPANISH half alone (100ms)
  ✓   56 [chromium] › tests/i18n-parity.spec.ts:356:1 › the Spanish half of every message module is read, key for key (108ms)
  ✓   58 [chromium] › tests/i18n-parity.spec.ts:432:1 › assertParity() is exported and never called at module scope (2ms)
  ✓   57 [chromium] › tests/i18n-parity.spec.ts:406:1 › an unbalanced catalogue does not throw at IMPORT — the blast radius is one red test (101ms)
  ✓   60 [chromium] › tests/i18n-routes.spec.ts:77:1 › every blog pair in the map is the pair the collection declares (11ms)
  ✓   62 [chromium] › tests/i18n-routes.spec.ts:229:1 › the serving contract carries a 301 for every address that moved (2ms)
  ✓   63 [chromium] › tests/i18n-routes.spec.ts:254:1 › every sitemap alternate names a URL the sitemap itself lists (12ms)
  ✓   54 [chromium] › tests/i18n-parity.spec.ts:280:1 › assertParity() catches a value that is empty or only whitespace (208ms)
  ✓   64 [chromium] › tests/i18n-routes.spec.ts:275:1 › no published page still links to an address that moved (119ms)
  ✓   66 [chromium] › tests/landing-calculator.spec.ts:4:1 › the tenant rate produces the approved quetzal examples without a fixed fee (2ms)
  ✓   67 [chromium] › tests/landing-calculator.spec.ts:10:1 › commissions round half a cent up and retain amount = fee + net (10ms)
  ✓   68 [chromium] › tests/landing-calculator.spec.ts:27:1 › decimal comma and whitespace preserve cents without locale ambiguity (1ms)
  ✓   61 [chromium] › tests/i18n-routes.spec.ts:167:1 › every address that moved answers, points at its new one, and is not indexable (196ms)
  ✓   69 [chromium] › tests/landing-calculator.spec.ts:34:1 › invalid and excessive amounts are rejected rather than partly parsed (5ms)
  ✓   70 [chromium] › tests/landing-calculator.spec.ts:40:1 › tenant rates are required to be safe whole basis points within the amount (4ms)
  ✓   59 [chromium] › tests/i18n-routes.spec.ts:47:1 › the map is a bijection and both sides of every pair answer (240ms)
  ✓   71 [chromium] › tests/language-detection.spec.ts:20:3 › sends a Spanish browser to Spanish › redirects an unprefixed URL (164ms)
  ✓   72 [chromium] › tests/language-detection.spec.ts:26:3 › sends a Spanish browser to Spanish › keeps the query string and the fragment (163ms)
  ✓   73 [chromium] › tests/language-detection.spec.ts:31:3 › sends a Spanish browser to Spanish › leaves no history entry behind it (238ms)
  ✓   74 [chromium] › tests/language-detection.spec.ts:47:3 › leaves an English browser alone › does not redirect an unprefixed URL (150ms)
  ✓   75 [chromium] › tests/language-detection.spec.ts:53:3 › leaves an English browser alone › does not redirect away from Spanish either (153ms)
  ✓   76 [chromium] › tests/language-detection.spec.ts:65:3 › treats any other language as Spanish › sends a French browser to Spanish (179ms)
  ✓   77 [chromium] › tests/language-detection.spec.ts:74:3 › an explicit choice beats the browser › choosing English keeps a Spanish browser on English (157ms)
  ✓   65 [chromium] › tests/js-budget.spec.ts:6:1 › the public home keeps its JavaScript under the editorial budget (716ms)
  ✓   79 [chromium] › tests/language-detection.spec.ts:110:3 › choosing Spanish is honoured, not merely noted › an English browser that chose Spanish gets Spanish (153ms)
  ✓   80 [chromium] › tests/language-detection.spec.ts:120:3 › choosing Spanish is honoured, not merely noted › the choice is honoured on a page with no Spanish version (122ms)
  ✓   78 [chromium] › tests/language-detection.spec.ts:84:3 › an explicit choice beats the browser › a cookie that is not one of the two known values is ignored (308ms)
  ✓   81 [chromium] › tests/language-detection.spec.ts:134:3 › never redirects without somewhere to go › a page with no declared Spanish alternate stays put (132ms)
  ✓   84 [chromium] › tests/language-detection.spec.ts:207:3 › without JavaScript › the English page is served, complete and unredirected (147ms)
  ✓   83 [chromium] › tests/language-detection.spec.ts:192:3 › the document language survives a soft navigation › lang stays es after the client router swaps the document (301ms)
  ✓   85 [chromium] › tests/language-detection.spec.ts:219:3 › without JavaScript › the language control is still a working link (223ms)
  ✓   86 [chromium] › tests/language-switcher.spec.ts:25:1 › switching to English keeps the page and sets the cookie (302ms)
  ✓   87 [chromium] › tests/language-switcher.spec.ts:37:1 › switching to Spanish keeps the page (300ms)
  ✓   88 [chromium] › tests/language-switcher.spec.ts:46:1 › a blog post switches to its own translation, not the index (287ms)
  ✓   82 [chromium] › tests/language-detection.spec.ts:147:3 › redirects at most once › counts hard loads and client-router navigations together (665ms)
  ✓   89 [chromium] › tests/language-switcher.spec.ts:53:1 › the cookie is written before the client router swaps the document (258ms)
  ✓   92 [chromium] › tests/language-switcher.spec.ts:106:1 › a language with no translation is offered as unavailable, never as a link (227ms)
  ✓   91 [chromium] › tests/language-switcher.spec.ts:94:1 › the current language is marked, not linked (269ms)
  ✓   90 [chromium] › tests/language-switcher.spec.ts:77:1 › the choice survives a new page load (338ms)
  ✓   93 [chromium] › tests/language-switcher.spec.ts:118:1 › an unavailable language explains itself to the eye, not only to a screen reader (214ms)
  ✓   96 [chromium] › tests/language-switcher.spec.ts:164:1 › the active nav item is marked in Spanish (153ms)
  ✓   97 [chromium] › tests/language-switcher.spec.ts:173:1 › the active legal document is marked in Spanish (131ms)
  ✓   94 [chromium] › tests/language-switcher.spec.ts:138:1 › the control is reachable and operable by keyboard alone (264ms)
  ✓   95 [chromium] › tests/language-switcher.spec.ts:150:1 › each option names its language in that language (366ms)
  ✓  101 [chromium] › tests/media-complete.spec.ts:32:1 › every produced file names a declared slot, and placeholders are counted honestly (9ms)
  ✓   98 [chromium] › tests/language-switcher.spec.ts:180:1 › the logo returns to the home page of the language being read (250ms)
  ✓   99 [chromium] › tests/language-switcher.spec.ts:186:1 › a modifier click does not record a preference in this tab (257ms)
  ✓  102 [chromium] › tests/media-complete.spec.ts:95:1 › editorial showcase backgrounds have generated provenance and matching WebP bytes (33ms)
  ✓  103 [chromium] › tests/miss-budget-empty-string.spec.ts:47:1 › an EMPTY STRING is absent, not zero — the regression itself (1ms)
  ✓  104 [chromium] › tests/miss-budget-empty-string.spec.ts:57:1 › an unset variable takes the default (0ms)
  ✓  105 [chromium] › tests/miss-budget-empty-string.spec.ts:53:1 › whitespace is absent too — a stray space in a .env line is not a budget (0ms)
  ✓  106 [chromium] › tests/miss-budget-empty-string.spec.ts:61:1 › a real number is honoured — the default must not swallow configuration (0ms)
  ✓  107 [chromium] › tests/miss-budget-empty-string.spec.ts:65:1 › zero and negatives are refused: a budget of zero is an outage with a value in it (1ms)
  ✓  108 [chromium] › tests/miss-budget-empty-string.spec.ts:70:1 › a non-number is refused rather than becoming NaN (1ms)
  ✓  100 [chromium] › tests/language-switcher.spec.ts:199:1 › the language code carries lang, the accessible name does not (239ms)
  ✓  109 [chromium] › tests/media-complete.spec.ts:148:1 › the OCR gate keeps its cache ignored and never prints a matched private value (2ms)
  ✓  110 [chromium] › tests/miss-budget-empty-string.spec.ts:80:1 › docker-compose.prod.yml sets the variable even when nothing configures it (1ms)
  ✓  111 [chromium] › tests/nav-links-resolve.spec.ts:115:5 › every desktop rail link on the en header resolves to a served page (50ms)
  ✓  112 [chromium] › tests/nav-links-resolve.spec.ts:115:5 › every desktop rail link on the es header resolves to a served page (47ms)
  ✓  114 [chromium] › tests/nav-links-resolve.spec.ts:115:5 › every mobile menu link on the es header resolves to a served page (51ms)
  ✓  113 [chromium] › tests/nav-links-resolve.spec.ts:115:5 › every mobile menu link on the en header resolves to a served page (53ms)
  ✓  115 [chromium] › tests/no-fabricated-claims-served.spec.ts:85:1 › the two patterns still catch what they are named for (4ms)
  ✓  118 [chromium] › tests/no-leak-across-tenants.spec.ts:57:1 › the surface is derived from the padrón, and it is not empty (1ms)
  ✓  120 [chromium] › tests/no-leak-across-tenants.spec.ts:99:1 › the disclosure pages still name their processors (10ms)
  ✓  117 [chromium] › tests/no-fabricated-claims-served.spec.ts:115:1 › no tenant serves an unverifiable "replaces N tools" claim, in either language (155ms)
  ✓  122 [chromium] › tests/no-leak-across-tenants.spec.ts:166:1 › a tenant page never carries the ownership token of another (11ms)
  ✓  123 [chromium] › tests/no-leak-across-tenants.spec.ts:214:1 › no provider or foreign brand reaches a tenant’s 404 — the page no page list enumerates (15ms)
  ✓  124 [chromium] › tests/no-provider-in-components.spec.ts:33:1 › no provider name anywhere under src/components (3ms)
  ✓  116 [chromium] › tests/no-fabricated-claims-served.spec.ts:99:1 › no tenant serves a fabricated price or vanity metric, on any page, in any language (250ms)
  ✓  119 [chromium] › tests/no-leak-across-tenants.spec.ts:75:1 › no provider name reaches any tenant, on any page, in any language (263ms)
  ✓  127 [chromium] › tests/og-images-exist.spec.ts:97:1 › a tenant-derived og:image is accepted only when its route is actually servable (65ms)
  ✓  125 [chromium] › tests/no-repeated-paragraph.spec.ts:119:1 › no page renders the same paragraph twice (149ms)
  ✓  129 [chromium] › tests/photographic-content.spec.ts:8:1 › the public contract selects a composition with tenant-owned money, brand and support (3ms)
  ✓  130 [chromium] › tests/photographic-content.spec.ts:21:1 › missing copy, unsafe theme, absent destinations and invalid numeric configuration fail closed (9ms)
  ✓  131 [chromium] › tests/photographic-content.spec.ts:43:1 › support URLs and request-local configuration cannot inherit another tenant (2ms)
  ✓  132 [chromium] › tests/photographic-content.spec.ts:57:1 › tenant strings cannot terminate a JSON script element (0ms)
  ✓  126 [chromium] › tests/og-images-exist.spec.ts:55:1 › every og:image a served page declares exists in the build output (174ms)
  ✓  121 [chromium] › tests/no-leak-across-tenants.spec.ts:117:1 › no tenant serves another tenant’s domain (407ms)
  ✓  134 [chromium] › tests/prerender-is-declared.spec.ts:68:1 › every prerendered route is one somebody declared (4ms)
  ✓  135 [chromium] › tests/provider-lists-agree.spec.ts:31:1 › the two provider blacklists are byte-identical (2ms)
  ✓  128 [chromium] › tests/og-locale.spec.ts:94:3 › the share card follows the page language › every Spanish page names a card that is Spanish or wordless (135ms)
  ✓  138 [chromium] › tests/og-locale.spec.ts:115:3 › the share card follows the page language › every card named by a Spanish page was actually drawn (1ms)
  ✓  139 [chromium] › tests/og-locale.spec.ts:137:3 › the share card follows the page language › the localized list and the drawn files agree, in both directions (8ms)
  ✓  136 [chromium] › tests/redirect-serves.spec.ts:159:3 › with redirect_to on the manifest › the platform address answers a real 301 to the promoted domain (198ms)
  ✓  137 [chromium] › tests/redirect-serves.spec.ts:174:3 › with redirect_to on the manifest › the 301 is cacheable but bounded (203ms)
  ✓  141 [chromium] › tests/redirect-serves.spec.ts:166:3 › with redirect_to on the manifest › the path and the query survive the move (0ms)
  ✓  142 [chromium] › tests/redirect-serves.spec.ts:179:3 › with redirect_to on the manifest › it redirects BEFORE fetching the copy (1ms)
  ✓  144 [chromium] › tests/retired-urls.spec.ts:171:1 › no retired URL is nominated by the sitemap (0ms)
[tenant] ignored redirect_to host=medipago.gt why=same host value=medipago.gt
  ✓  143 [chromium] › tests/retired-urls.spec.ts:108:1 › every retired URL still resolves, and points at its replacement (25ms)
  ✓  140 [chromium] › tests/redirect-serves.spec.ts:190:3 › with redirect_to on the manifest › the promoted domain itself is served, not bounced (189ms)
  ✓  146 [chromium] › tests/serving-contract.spec.ts:60:1 › the proxy forwards the visitor Host — the line the whole epic rests on (1ms)
  ✓  148 [chromium] › tests/serving-contract.spec.ts:68:1 › every location block actually proxies — none falls through to a root that does not exist (2ms)
  ✓  149 [chromium] › tests/serving-contract.spec.ts:82:1 › every location repeats nosniff, because add_header does NOT accumulate (1ms)
  ✓  150 [chromium] › tests/serving-contract.spec.ts:96:1 › every location that sets Cache-Control hides the upstream one first (1ms)
  ✓  151 [chromium] › tests/serving-contract.spec.ts:113:1 › the page family lets the application override the cache policy on purpose (2ms)
  ✓  152 [chromium] › tests/serving-contract.spec.ts:139:1 › the sitemaps, robots.txt and the feeds still reach the application (1ms)
  ✓  153 [chromium] › tests/serving-contract.spec.ts:148:1 › gzip covers the type the sitemaps and feeds actually send (0ms)
  ✓  154 [chromium] › tests/serving-contract.spec.ts:159:1 › no filesystem rule survived the move to a proxy (1ms)
  ✓  155 [chromium] › tests/serving-contract.spec.ts:174:1 › one server block, accepting any Host — an alta must not edit this file (1ms)
  ✓  156 [chromium] › tests/serving-contract.spec.ts:192:1 › the www to apex redirect is generic, so it serves every tenant (1ms)
  ✓  157 [chromium] › tests/serving-contract.spec.ts:201:1 › the container carries a runtime for the application it now proxies to (2ms)
  ✓  158 [chromium] › tests/serving-contract.spec.ts:219:1 › the container has a channel for its configuration (1ms)
  ✓  159 [chromium] › tests/serving-contract.spec.ts:238:1 › the deploy validates the artifact the build actually produces (1ms)
  ✓  145 [chromium] › tests/retired-urls.spec.ts:191:1 › no page still links to a retired URL (97ms)
  ✓  160 [chromium] › tests/site-redirect.spec.ts:21:3 › decideRedirect › sends the visitor on when the manifest names another host (0ms)
  ✓  161 [chromium] › tests/site-redirect.spec.ts:28:3 › decideRedirect › absent and null both mean "serve it here" (1ms)
  ✓  162 [chromium] › tests/site-redirect.spec.ts:57:5 › decideRedirect › refuses a path — the open redirect this rule exists for (0ms)
  ✓  163 [chromium] › tests/site-redirect.spec.ts:57:5 › decideRedirect › refuses a scheme collapses under normalisation (0ms)
  ✓  164 [chromium] › tests/site-redirect.spec.ts:57:5 › decideRedirect › refuses protocol-relative (0ms)
  ✓  165 [chromium] › tests/site-redirect.spec.ts:57:5 › decideRedirect › refuses a port (0ms)
  ✓  166 [chromium] › tests/site-redirect.spec.ts:57:5 › decideRedirect › refuses upper case (0ms)
  ✓  167 [chromium] › tests/site-redirect.spec.ts:57:5 › decideRedirect › refuses a trailing root dot (0ms)
  ✓  168 [chromium] › tests/site-redirect.spec.ts:57:5 › decideRedirect › refuses a newline would forge a log line (0ms)
  ✓  169 [chromium] › tests/site-redirect.spec.ts:57:5 › decideRedirect › refuses leading space (0ms)
  ✓  170 [chromium] › tests/site-redirect.spec.ts:57:5 › decideRedirect › refuses a bare label is not a host (0ms)
  ✓  171 [chromium] › tests/site-redirect.spec.ts:57:5 › decideRedirect › refuses the empty string is its own fixed point (0ms)
  ✓  172 [chromium] › tests/site-redirect.spec.ts:57:5 › decideRedirect › refuses a number (0ms)
  ✓  173 [chromium] › tests/site-redirect.spec.ts:57:5 › decideRedirect › refuses an object (0ms)
  ✓  174 [chromium] › tests/site-redirect.spec.ts:63:3 › decideRedirect › refuses the self-redirect, which is what makes a loop impossible (0ms)
  ✓  175 [chromium] › tests/site-redirect.spec.ts:67:3 › decideRedirect › compares the CANONICAL spelling of both sides (1ms)
  ✓  177 [chromium] › tests/site-redirect.spec.ts:93:3 › decideRedirect › the cache window is bounded (0ms)
  ✓  176 [chromium] › tests/site-redirect.spec.ts:82:3 › decideRedirect › every refused value really is one normalisation away from itself (2ms)
  ✓  178 [chromium] › tests/site-redirect.spec.ts:102:3 › the manifest contract › a manifest from before this field still validates (1ms)
  ✓  147 [chromium] › tests/redirect-serves.spec.ts:204:3 › the negative control: the same manifest without the field › the platform address is served normally (121ms)
  ✓  180 [chromium] › tests/tenant-404-is-the-tenants.spec.ts:181:1 › an unpublished route renders the 404 with the TENANT’s copy, not the repo’s (124ms)
  ✓  181 [chromium] › tests/tenant-404-is-the-tenants.spec.ts:201:1 › CONTROL: a published route keeps the tenant copy through its physical-locale rewrite (121ms)
  ✓  183 [chromium] › tests/tenant-brand-assets.spec.ts:45:1 › a declared social image can be the logo without invoking the derived raster (1ms)
  ✓  184 [chromium] › tests/tenant-brand-assets.spec.ts:56:1 › a rolling deploy accepts an old or partially projected brand-assets field (2ms)
  ✓  185 [chromium] › tests/tenant-brand-assets.spec.ts:80:1 › the derived icon contains the tenant symbol and its contrast-checked accent (2ms)
  ✓  182 [chromium] › tests/tenant-brand-assets.spec.ts:31:1 › declared platform assets preserve their compiled paths while a tenant without them derives both (26ms)
  ✓  186 [chromium] › tests/tenant-brand-assets.spec.ts:90:1 › the derived SVG escapes the mark instead of allowing it to become markup (1ms)
  ✓  187 [chromium] › tests/tenant-brand-assets.spec.ts:99:1 › the social card rasterises as a real PNG (1ms)
  ✓  188 [chromium] › tests/tenant-brand-assets.spec.ts:143:1 › the raster cache retries a transient failure and retains only the current tenant version (4ms)
  ✓  190 [chromium] › tests/tenant-brand-assets.spec.ts:160:1 › the raster cache evicts the least recently used tenant at its bound (3ms)
  ✓  191 [chromium] › tests/tenant-brand-assets.spec.ts:184:1 › the symbol derivation has one owner in src (9ms)
  ✓  192 [chromium] › tests/tenant-brand-assets.spec.ts:197:1 › no tenant can be handed the platform touch icon it did not declare (2ms)
  ✓  193 [chromium] › tests/tenant-brand-assets.spec.ts:213:1 › the derived touch icon is a full-bleed 180px square carrying the tenant symbol (5ms)
  ✓  194 [chromium] › tests/tenant-brand-assets.spec.ts:229:1 › the touch-icon type ramp keeps a three-glyph and an emoji mark inside the square (2ms)
  ✓  195 [chromium] › tests/tenant-brand-assets.spec.ts:246:1 › an unrasterisable touch icon is omitted rather than advertised, and a declared one needs no raster (4ms)
  ✓  196 [chromium] › tests/tenant-brand-coherence.spec.ts:40:1 › the address bar follows a repainted accent and stays white for tenant #1 (1ms)
  ✓  197 [chromium] › tests/tenant-brand-coherence.spec.ts:47:1 › og:locale carries the declared region and nothing changes without one (4ms)
  ✓  198 [chromium] › tests/tenant-brand-coherence.spec.ts:59:1 › the success green is the one global.css compiles (1ms)
  ✓  199 [chromium] › tests/tenant-brand-coherence.spec.ts:64:1 › status follows the brand only when the two greens would read as one (3ms)
  ✓  179 [chromium] › tests/site-without-copy-is-not-a-200.spec.ts:255:1 › CONTROL: the same server, stub and manifest serve a site that HAS copy (6ms)
  ✓  200 [chromium] › tests/tenant-brand-coherence.spec.ts:77:1 › only the compiled palette gets the platform artwork (0ms)
  ✓  189 [chromium] › tests/tenant-brand-assets.spec.ts:105:1 › the social title keeps long and Unicode names inside at most three lines (110ms)
  ✓  201 [chromium] › tests/site-without-copy-is-not-a-200.spec.ts:269:1 › a published site with NO copy answers 503, never a 200 (9ms)
  ✓  202 [chromium] › tests/tenant-brand-coherence.spec.ts:82:1 › the SERVED heads and homes carry each fix, and tenant #1 keeps its own (9ms)
  ✓  203 [chromium] › tests/tenant-brand-glyphs.spec.ts:28:1 › the embedded faces are byte-identical to the ones the page loads (2ms)
  ✓  205 [chromium] › tests/tenant-brand-glyphs.spec.ts:45:1 › different display faces draw different marks (3ms)
  ✓  204 [chromium] › tests/site-without-copy-is-not-a-200.spec.ts:280:1 › a site whose copy is SHORT BY A KEY also answers 5xx, not a truncated 200 (8ms)
  ✓  206 [chromium] › tests/tenant-brand-glyphs.spec.ts:36:1 › a font-backed display face outlines the mark in all three derived assets (5ms)
  ✓  207 [chromium] › tests/tenant-brand-glyphs.spec.ts:53:1 › a system stack and a character the face lacks both fall back to the text run (1ms)
  ✓  210 [chromium] › tests/tenant-brand-glyphs.spec.ts:78:1 › an outlined social title never leaves the 1056px title box (2ms)
  ✓  209 [chromium] › tests/tenant-brand-glyphs.spec.ts:60:1 › the outlined mark is centred by its ink inside the icon (2ms)
  ✓  208 [chromium] › tests/site-without-copy-is-not-a-200.spec.ts:295:1 › the degraded body carries no brand — not the platform's, not another tenant's (9ms)
  ✓  212 [chromium] › tests/tenant-brand-is-data.spec.ts:58:1 › the wordmark is the tenant's, not the platform's (8ms)
  ✓  213 [chromium] › tests/tenant-brand-is-data.spec.ts:43:1 › the clinic tenant renders, and the platform host still renders (8ms)
  ✓  211 [chromium] › tests/site-without-copy-is-not-a-200.spec.ts:313:1 › the degraded response is not cacheable and asks for a retry (5ms)
  ✓  214 [chromium] › tests/tenant-brand-is-data.spec.ts:83:1 › the leak that is LEFT is content, and its size is pinned (3ms)
  ✓  215 [chromium] › tests/tenant-brand-is-data.spec.ts:118:1 › the clinic tenant serves its OWN brand (4ms)
  ✓  217 [chromium] › tests/tenant-brand-is-data.spec.ts:191:1 › a brand containing </script> cannot break the document (T-31) (1ms)
  ✓  216 [chromium] › tests/tenant-brand-is-data.spec.ts:155:1 › the JSON-LD names the tenant, not the platform (5ms)
  ✓  218 [chromium] › tests/tenant-brand-is-data.spec.ts:126:1 › the tenant head owns its icon, social card and structured-data logo (8ms)
  ✓  133 [chromium] › tests/photographic-landing.spec.ts:165:1 › actual tenant Host renders the approved SSR page, metadata and configured support destinations (390ms)
  ✓  219 [chromium] › tests/tenant-chrome-reads-accent.spec.ts:61:5 › cross-tenant: elements reachable on both tenants' home page › store preview image (accent-soft wash): the clinic's own accent reaches it, and differs from the platform's (939ms)
  ✓  221 [chromium] › tests/tenant-chrome-reads-accent.spec.ts:61:5 › cross-tenant: elements reachable on both tenants' home page › payment card (accent color-mix): the clinic's own accent reaches it, and differs from the platform's (931ms)
  ✓  220 [chromium] › tests/tenant-chrome-reads-accent.spec.ts:61:5 › cross-tenant: elements reachable on both tenants' home page › store preview card edge (accent): the clinic's own accent reaches it, and differs from the platform's (937ms)
  ✓  224 [chromium] › tests/tenant-chrome-reads-accent.spec.ts:82:3 › cross-tenant: elements reachable on both tenants' home page › the clinic's edge colour IS its declared accent, literally (310ms)
  ✓  225 [chromium] › tests/tenant-chrome-reads-accent.spec.ts:96:3 › cross-tenant: elements reachable on both tenants' home page › the platform is untouched: every accent-carrying property is still the compiled cobalt (345ms)
  ✓  226 [chromium] › tests/tenant-chrome-reads-accent.spec.ts:114:3 › explicit tenant mark and platform-only regression sites › the clinic draws its declared mark with its own header and footer palette (338ms)
  ✓  227 [chromium] › tests/tenant-chrome-reads-accent.spec.ts:130:3 › explicit tenant mark and platform-only regression sites › the footer logo mark and CTA still carry the compiled --cobalt-bright on the platform (324ms)
  ✓  223 [chromium] › tests/tenant-chrome-reads-accent.spec.ts:61:5 › cross-tenant: elements reachable on both tenants' home page › inverse event label (accent-bright): the clinic's own accent reaches it, and differs from the platform's (688ms)
  ✓  230 [chromium] › tests/tenant-chrome-reads-accent.spec.ts:160:1 › the unreachable interconnect motif stays on the bridged primitive — measured, not assumed (3ms)
  ✓  228 [chromium] › tests/tenant-chrome-reads-accent.spec.ts:141:3 › explicit tenant mark and platform-only regression sites › the process spine node still carries the compiled accent, on a page the clinic does not publish (316ms)
  ✓  229 [chromium] › tests/tenant-chrome-reads-accent.spec.ts:150:3 › explicit tenant mark and platform-only regression sites › the changelog entry node still carries the compiled accent, on a page the clinic does not publish (297ms)
  ✓  222 [chromium] › tests/photographic-landing.spec.ts:204:1 › without JavaScript copy, all demonstration views, FAQ and default calculation remain available (1.8s)
  ✓  232 [chromium] › tests/tenant-isolation.spec.ts:99:1 › concurrent requests interleaving two hosts each get their own tenant (52ms)
  ✓  235 [chromium] › tests/tenant-isolation.spec.ts:122:1 › a concurrent burst does not write one tenant under the other key (9ms)
  ✓  236 [chromium] › tests/tenant-isolation.spec.ts:141:1 › an unknown host is a 404 and never another tenant (7ms)
  ✓  237 [chromium] › tests/tenant-isolation.spec.ts:146:1 › the API being unreachable is NOT "this host does not exist" (0ms)
  ✓  238 [chromium] › tests/tenant-isolation.spec.ts:159:1 › a stale copy is served while the API is down, and it is bounded (8ms)
  ✓  239 [chromium] › tests/tenant-isolation.spec.ts:184:1 › the miss budget refuses without touching the API (2ms)
  ✓  240 [chromium] › tests/tenant-isolation.spec.ts:202:1 › the caches are bounded, so a host flood cannot exhaust memory (4ms)
  ✓  241 [chromium] › tests/tenant-isolation.spec.ts:214:1 › host normalisation matches the API, including the log-injection case (2ms)
  ✓  242 [chromium] › tests/tenant-isolation.spec.ts:236:1 › CONTROL: a module-scoped resolver DOES leak across concurrent hosts (14ms)
  ✓  243 [chromium] › tests/tenant-locale-refinement.spec.ts:24:1 › tenant #1 keeps its established alternate paths and order (1ms)
  ✓  244 [chromium] › tests/tenant-locale-refinement.spec.ts:35:1 › a monolingual tenant advertises no language destination (1ms)
  ✓  245 [chromium] › tests/tenant-locale-refinement.spec.ts:43:1 › a Spanish-default bilingual tenant derives both twins from one canonical route (2ms)
  ✓  246 [chromium] › tests/tenant-locale-refinement.spec.ts:71:1 › explicit translated content alternates keep their slugs under reversed topology (1ms)
  ✓  247 [chromium] › tests/tenant-locale-refinement.spec.ts:91:1 › served monolingual HTML has no alternate, x-default or locale detector (3ms)
  ✓  231 [chromium] › tests/tenant-chrome-reads-accent.spec.ts:187:3 › display_font reaches the element (issue #94) › the clinic's declared serif reaches .logo, and the platform keeps Space Grotesk (568ms)
  ✓  249 [chromium] › tests/tenant-owns-its-surface.spec.ts:68:1 › robots.txt is the TENANT's policy, not one file for everybody (8ms)
  ✓  250 [chromium] › tests/tenant-owns-its-surface.spec.ts:124:1 › robots.txt for a host that resolves to NO tenant is 404, not a crawl policy (7ms)
  ✓  251 [chromium] › tests/tenant-owns-its-surface.spec.ts:152:1 › the ownership token is served to the tenant that DECLARES it (3ms)
  ✓  252 [chromium] › tests/tenant-owns-its-surface.spec.ts:171:1 › the ownership token is NOT served to a tenant that does not declare it (8ms)
  ✓  253 [chromium] › tests/tenant-owns-its-surface.spec.ts:194:1 › the token route compares the TOKEN, it does not serve any *.html (4ms)
  ✓  233 [chromium] › tests/tenant-composition-contract.spec.ts:377:1 › the route edge selects a closed template catalogue and contains no tenant branch (6ms)
  ✓  255 [chromium] › tests/tenant-composition-contract.spec.ts:418:1 › control: a clinic-specific component or slug branch turns the composition guard red (1ms)
  ✓  254 [chromium] › tests/tenant-owns-its-surface.spec.ts:214:1 › a non-indexable tenant puts noindex on its pages, and an indexable one does not (9ms)
  ✓  256 [chromium] › tests/tenant-composition-contract.spec.ts:438:1 › the API fixture rejects an unknown host instead of impersonating the clinic (2ms)
  ✓  257 [chromium] › tests/tenant-owns-its-surface.spec.ts:248:1 › a tenant only advertises a sitemap it actually serves (15ms)
  ✓  259 [chromium] › tests/tenant-owns-its-surface.spec.ts:278:1 › a tenant with no app/docs destination renders no link to the platform's (D-7) (6ms)
  ✓  258 [chromium] › tests/tenant-composition-contract.spec.ts:445:1 › a third tenant slug reuses service-lead without a layout or selector of its own (31ms)
  ✓  260 [chromium] › tests/tenant-owns-its-surface.spec.ts:311:1 › CONTROL: the platform DOES render its own destinations (6ms)
  ✓  262 [chromium] › tests/tenant-pages-are-data.spec.ts:76:1 › the clinic serves its home and refuses every page it does not publish (18ms)
  ✓  263 [chromium] › tests/tenant-pages-are-data.spec.ts:94:1 › POSITIVE CONTROL: 1platform.pro serves those same routes (18ms)
  ✓  264 [chromium] › tests/tenant-pages-are-data.spec.ts:109:1 › a refusal is the rendered 404 PAGE, not a bare body (8ms)
  ✓  248 [chromium] › tests/tenant-locale-refinement.spec.ts:100:1 › a fresh es-GT browser stays on the monolingual tenant root (316ms)
  ✓  265 [chromium] › tests/tenant-pages-are-data.spec.ts:235:1 › every route the repo manifest publishes is served by a file (100ms)
  ✓  267 [chromium] › tests/tenant-pages-are-data.spec.ts:261:1 › canonicalRouteOf reads the tenant topology, not a hard-coded /es/ (3ms)
  ✓  266 [chromium] › tests/tenant-pages-are-data.spec.ts:344:1 › default-es middleware gate and sitemap share translated route identities (93ms)
  ✓  268 [chromium] › tests/tenant-pages-are-data.spec.ts:300:1 › publishedUrls enumerates 52 URLs for oneplatform, and every alternate is one of them (3ms)
  ✓  234 [chromium] › tests/photographic-landing.spec.ts:237:1 › mobile navigation stays fixed and supports native anchors, focus and Escape (585ms)
  ✓  270 [chromium] › tests/tenant-theme.spec.ts:52:1 › the compiled default the emitter compares against is the one global.css actually sets (2ms)
  ✓  272 [chromium] › tests/tenant-theme.spec.ts:74:1 › the display-font map is exhaustive and contains only closed stacks (2ms)
  ✓  273 [chromium] › tests/tenant-theme.spec.ts:81:1 › the accent ramp matches the API golden vectors channel for channel (1ms)
  ✓  274 [chromium] › tests/tenant-theme.spec.ts:92:1 › a tenant whose accent IS the compiled one emits nothing (1ms)
  ✓  275 [chromium] › tests/tenant-theme.spec.ts:102:1 › a tenant with its own accent emits it, with its derivatives (4ms)
  ✓  276 [chromium] › tests/tenant-theme.spec.ts:138:1 › a manifest cannot write a stylesheet through the accent (2ms)
  ✓  277 [chromium] › tests/tenant-theme.spec.ts:177:1 › tenant #1’s corrected font IS the compiled default, so it stays untouched (1ms)
  ✓  278 [chromium] › tests/tenant-theme.spec.ts:189:1 › a tenant with its own display_font emits --font-display (0ms)
  ✓  279 [chromium] › tests/tenant-theme.spec.ts:200:1 › display_font is a closed enum, not free text, inside the <style> (2ms)
  ✓  280 [chromium] › tests/tenant-theme.spec.ts:222:1 › a manifest cannot write a stylesheet through accent ink or display font (0ms)
  ✓  281 [chromium] › tests/tenant-theme.spec.ts:240:1 › Logo consumes the explicit lockup and never cuts the brand name (2ms)
  ✓  282 [chromium] › tests/tenant-theme.spec.ts:253:1 › the SERVED page carries the tenant’s accent, and tenant #1 is untouched (7ms)
  ✓  261 [chromium] › tests/tenant-composition-contract.spec.ts:453:1 › a one-page tenant reuses the reference commerce home without dead links (406ms)
  ✓  269 [chromium] › tests/tenant-pages-are-data.spec.ts:441:1 › the repo page list is the exporter’s list, byte for byte (216ms)
  ✓  285 [chromium] › tests/tenant-pages-are-data.spec.ts:492:1 › CONTROL: with the gate neutralised, the clinic publishes 1Platform’s pages (163ms)
  ✓  286 [chromium] › tests/tenant-theme.spec.ts:337:1 › the invoice mockup carries the TENANT’s mark, not the platform’s (8ms)
  ✓  283 [chromium] › tests/tenant-theme.spec.ts:279:1 › the browser computes the clinic accent, ink and display face (298ms)
  ✓  288 [chromium] › tests/visual-baseline-inventory.spec.ts:39:1 › CONTROL: the inventory detects the historical showcase failure shape (0ms)
  ✓  287 [chromium] › tests/visual-baseline-inventory.spec.ts:12:1 › every visual snapshot directory has an executable spec (2ms)
  ✓  284 [chromium] › tests/tenant-composition-contract.spec.ts:503:1 › a long valid tenant wordmark yields to the complete mobile support CTA (335ms)
  ✓  289 [chromium] › tests/tenant-composition-contract.spec.ts:546:1 › the physical service template route is never a public tenant URL (5ms)
  ✓  290 [chromium] › tests/tenant-composition-contract.spec.ts:555:1 › the home shares one actionable support destination across header, hero and close (287ms)
  ✓  291 [chromium] › tests/tenant-composition-contract.spec.ts:629:1 › the service composition tells Cobro → comprobante → factura without commerce artifacts (132ms)
  ✓  292 [chromium] › tests/tenant-composition-contract.spec.ts:644:1 › one recovery destination produces a compact 404 with one main action (127ms)
  ✓  293 [chromium] › tests/tenant-composition-contract.spec.ts:658:1 › two recovery destinations restore the adaptive directory (17ms)
  ✓  294 [chromium] › tests/tenant-composition-contract.spec.ts:666:1 › a sole non-home recovery uses its own label instead of claiming it is home (19ms)
  ✓  295 [chromium] › tests/tenant-composition-contract.spec.ts:675:1 › a directory with no published home omits the primary home action (15ms)
  ✓  296 [chromium] › tests/tenant-composition-contract.spec.ts:689:1 › service-lead SEO names only the published, non-indexable service site (130ms)
  ✓  297 [chromium] › tests/tenant-composition-contract.spec.ts:713:1 › default-es bilingual URLs keep their public topology through internal rewrites (41ms)
  ✓  298 [chromium] › tests/tenant-composition-contract.spec.ts:758:1 › default-es sitemap and feeds advertise only public tenant-aware URLs (57ms)
  ✓  299 [chromium] › tests/tenant-composition-contract.spec.ts:804:1 › home and compact 404 pass Axe and reflow at mobile, desktop and 200% equivalent (1.4s)
  ✓  271 [chromium] › tests/photographic-landing.spec.ts:266:1 › the demonstration has keyboard tabs, local filters and separate credits and withdrawals (3.2s)
  ✓  300 [chromium] › tests/photographic-landing.spec.ts:304:1 › one editable amount uses the configured rate, clears stale results and recovers from invalid input (3.3s)
  ✓  301 [chromium] › tests/photographic-landing.spec.ts:335:1 › photograph motion pauses and resumes, finite sequences replay, and reduced motion remains static (1.3s)
  ✓  302 [chromium] › tests/photographic-landing.spec.ts:377:3 › all page sections and panel views reflow and pass Axe at 1440px (2.6s)
  ✓  303 [chromium] › tests/photographic-landing.spec.ts:377:3 › all page sections and panel views reflow and pass Axe at 390px (2.1s)
  ✓  304 [chromium] › tests/photographic-landing.spec.ts:377:3 › all page sections and panel views reflow and pass Axe at 360px (2.1s)
  ✓  305 [chromium] › tests/photographic-landing.spec.ts:408:1 › another tenant reuses the composition with its own brand, destination, font, accent and rate without cross-request leakage (712ms)

  305 passed (27.5s)
