
> 1platform-website@3.5.17 typecheck
> astro check

19:14:48 [@astrojs/node] Enabling sessions with filesystem storage
19:14:48 [content] Syncing content
19:14:48 [content] Synced content
19:14:48 [types] Generated 281ms
19:14:48 [check] Getting diagnostics for Astro files in /Users/staimer/Documents/1platform-worktrees/website-medipago-approved-landing...
src/content.config.ts:55:21 - warning ts(6385): 'z' is deprecated.

55     translationKey: z.string(),
                       ~
src/content.config.ts:54:15 - warning ts(6385): 'z' is deprecated.

54     category: z.enum(['new-feature', 'improvement', 'bug-fix', 'api-change']),
                 ~
src/content.config.ts:53:14 - warning ts(6385): 'z' is deprecated.

53     version: z.string().optional(),
                ~
src/content.config.ts:52:11 - warning ts(6385): 'z' is deprecated.

52     date: z.coerce.date(),
             ~
src/content.config.ts:51:12 - warning ts(6385): 'z' is deprecated.

51     title: z.string(),
              ~
src/content.config.ts:50:11 - warning ts(6385): 'z' is deprecated.

50   schema: z.object({
             ~
src/content.config.ts:44:21 - warning ts(6385): 'z' is deprecated.

44     translationKey: z.string(),
                       ~
src/content.config.ts:43:19 - warning ts(6385): 'z' is deprecated.

43     tags: z.array(z.string()).optional(),
                     ~
src/content.config.ts:43:11 - warning ts(6385): 'z' is deprecated.

43     tags: z.array(z.string()).optional(),
             ~
src/content.config.ts:42:18 - warning ts(6385): 'z' is deprecated.

42     readingTime: z.number().int().positive().optional(),
                    ~
src/content.config.ts:38:14 - warning ts(6385): 'z' is deprecated.

38     ogImage: z.string().optional(),
                ~
src/content.config.ts:37:12 - warning ts(6385): 'z' is deprecated.

37     image: z.string().optional(),
              ~
src/content.config.ts:29:15 - warning ts(6385): 'z' is deprecated.

29     category: z.enum([
                 ~
src/content.config.ts:28:13 - warning ts(6385): 'z' is deprecated.

28     author: z.string(),
               ~
src/content.config.ts:27:18 - warning ts(6385): 'z' is deprecated.

27     updatedDate: z.coerce.date().optional(),
                    ~
src/content.config.ts:26:14 - warning ts(6385): 'z' is deprecated.

26     pubDate: z.coerce.date(),
                ~
src/content.config.ts:25:18 - warning ts(6385): 'z' is deprecated.

25     description: z.string(),
                    ~
src/content.config.ts:24:12 - warning ts(6385): 'z' is deprecated.

24     title: z.string(),
              ~
src/content.config.ts:23:11 - warning ts(6385): 'z' is deprecated.

23   schema: z.object({
             ~
src/content.config.ts:1:28 - warning ts(6385): 'z' is deprecated.

1 import { defineCollection, z } from 'astro:content';
                             ~

src/components/Breadcrumb.astro:47:9 - warning astro(4000): This script will be treated as if it has the `is:inline` directive because it contains an attribute. Therefore, features that require processing (e.g. using TypeScript or npm packages in the script) are unavailable.

See docs for more details: https://docs.astro.build/en/guides/client-side-scripts/#script-processing.

Add the `is:inline` directive explicitly to silence this hint.

47 <script type="application/ld+json" set:html={JSON.stringify(jsonLd)} />
           ~~~~

src/components/ShareButtons.astro:96:20 - warning ts(6387): The signature '(commandId: string, showUI?: boolean | undefined, value?: string | undefined): boolean' of 'document.execCommand' is deprecated.

96           document.execCommand('copy');
                      ~~~~~~~~~~~

src/layouts/BaseLayout.astro:362:13 - warning astro(4000): This script will be treated as if it has the `is:inline` directive because it contains an attribute. Therefore, features that require processing (e.g. using TypeScript or npm packages in the script) are unavailable.

See docs for more details: https://docs.astro.build/en/guides/client-side-scripts/#script-processing.

Add the `is:inline` directive explicitly to silence this hint.

362     <script type="application/ld+json" set:html={jsonLdScript({
                ~~~~
src/layouts/BaseLayout.astro:353:15 - warning astro(4000): This script will be treated as if it has the `is:inline` directive because it contains an attribute. Therefore, features that require processing (e.g. using TypeScript or npm packages in the script) are unavailable.

See docs for more details: https://docs.astro.build/en/guides/client-side-scripts/#script-processing.

Add the `is:inline` directive explicitly to silence this hint.

353       <script type="application/ld+json" set:html={jsonLdScript(jsonLd)} />
                  ~~~~

tests/site-without-copy-is-not-a-200.spec.ts:148:10 - warning ts(80006): This may be converted to an async function.

148 function startStubApi(): Promise<{ server: Server; baseUrl: string }> {
             ~~~~~~~~~~~~

tests/tenant-composition-contract.spec.ts:269:10 - warning ts(80006): This may be converted to an async function.

269 function startStubApi(): Promise<{ server: Server; baseUrl: string }> {
             ~~~~~~~~~~~~

tests/tenant-isolation.spec.ts:4:10 - warning ts(6133): 'MissBudget' is declared but its value is never read.

4 import { MissBudget, TenantCache } from '../src/lib/tenant-cache'
           ~~~~~~~~~~

Result (227 files):
- 0 errors
- 0 warnings
- 27 hints
